world labels: [{"id":"label-npc1","html":"<div style=\"color: white; font-size: 12px; text-shadow: 1px 1px 1px black; font-weight: bold;\">Goblin</div>\n      <div style=\"width: 40px; height: 6px; background: #333; margin: 2px auto; border: 1px solid #000;\">\n        <div style=\"width: 50%; height: 100%; background: #00ff00;\"></div>\n      </div>\n    "},{"id":"label-loot1","html":"<div style=\"color: white; font-size: 12px; text-shadow: 1px 1px 1px black; font-weight: bold;\">Sword</div>"}]
tooltip text: Press E to pick up Sword (Weapon) [Common]
world labels: [{"id":"label-npc1","html":"<div style=\"color: white; font-size: 12px; text-shadow: 1px 1px 1px black; font-weight: bold;\">Goblin</div>\n      <div style=\"width: 40px; height: 6px; background: #333; margin: 2px auto; border: 1px solid #000;\">\n        <div style=\"width: 25%; height: 100%; background: #00ff00;\"></div>\n      </div>\n    "},{"id":"label-loot1","html":"<div style=\"color: white; font-size: 12px; text-shadow: 1px 1px 1px black; font-weight: bold;\">Sword</div>"}]
tooltip text: Press E to pick up Sword (Weapon) [Common]
world labels: [{"id":"label-npc1","html":"<div style=\"color: white; font-size: 12px; text-shadow: 1px 1px 1px black; font-weight: bold;\">Goblin</div>\n      <div style=\"width: 40px; height: 6px; background: #333; margin: 2px auto; border: 1px solid #000;\">\n        <div style=\"width: 25%; height: 100%; background: #00ff00;\"></div>\n      </div>\n    "}]
tooltip text: Press E to interact with Goblin
world labels: [{"id":"label-npc1","html":"<div style=\"color: white; font-size: 12px; text-shadow: 1px 1px 1px black; font-weight: bold;\">Goblin</div>\n      <div style=\"width: 40px; height: 6px; background: #333; margin: 2px auto; border: 1px solid #000;\">\n        <div style=\"width: 25%; height: 100%; background: #00ff00;\"></div>\n      </div>\n    "},{"id":"label-loot2","html":"<div style=\"color: white; font-size: 12px; text-shadow: 1px 1px 1px black; font-weight: bold;\">Shield</div>"}]
tooltip text: Press E to pick up Shield (Armor) [Common]