Scope: all 40 workspace projects
Progress: resolved 1, reused 0, downloaded 0, added 0
Progress: resolved 12, reused 6, downloaded 0, added 0
Progress: resolved 17, reused 10, downloaded 0, added 0
Progress: resolved 21, reused 13, downloaded 0, added 0
Progress: resolved 41, reused 35, downloaded 0, added 0
client                                   |  WARN  deprecated @types/socket.io-client@3.0.0
Progress: resolved 59, reused 54, downloaded 0, added 0
server                                   |  WARN  deprecated @types/uuid@11.0.0
server                                   |  WARN  deprecated @genkit-ai/googleai@1.28.0
Progress: resolved 92, reused 90, downloaded 0, added 0
Progress: resolved 104, reused 103, downloaded 0, added 0
Progress: resolved 203, reused 169, downloaded 0, added 0
Progress: resolved 321, reused 257, downloaded 1, added 0
Progress: resolved 461, reused 336, downloaded 1, added 0
Progress: resolved 579, reused 410, downloaded 1, added 0
Progress: resolved 723, reused 588, downloaded 1, added 0
Progress: resolved 863, reused 775, downloaded 1, added 0
Progress: resolved 1013, reused 928, downloaded 7, added 0
Progress: resolved 1190, reused 1108, downloaded 7, added 0
Progress: resolved 1239, reused 1156, downloaded 7, added 0
Progress: resolved 1273, reused 1191, downloaded 7, added 0
Progress: resolved 1311, reused 1209, downloaded 7, added 0
Progress: resolved 1326, reused 1215, downloaded 10, added 0
Progress: resolved 1334, reused 1223, downloaded 12, added 0
 WARN  10 deprecated subdependencies found: @fortawesome/react-fontawesome@0.2.2, glob@10.5.0, glob@7.2.3, inflight@1.0.6, lodash.get@4.4.2, node-domexception@1.0.0, rimraf@2.7.1, uuid@10.0.0, uuid@8.3.2, uuid@9.0.1
Packages: +7
+++++++
Progress: resolved 1334, reused 1223, downloaded 12, added 1
Progress: resolved 1334, reused 1223, downloaded 12, added 7, done
. install$ pnpm install -r
. install: Scope: all 40 workspace projects
. install: Lockfile is up to date, resolution step is skipped
. install: . install$ pnpm install -r
. install: . install: Scope: all 40 workspace projects
. install: . install: Lockfile is up to date, resolution step is skipped
. install: . install: . install$ pnpm install -r
. install: . install: . install: Scope: all 40 workspace projects
. install: . install: . install: Lockfile is up to date, resolution step is skipped
. install: . install: . install: . install$ pnpm install -r
. install: . install: . install: . install: Scope: all 40 workspace projects
. install: . install: . install: . install: Lockfile is up to date, resolution step is skipped
. install: . install: . install: . install: . install$ pnpm install -r
. install: . install: . install: . install: . install: Scope: all 40 workspace projects
. install: . install: . install: . install: . install: Lockfile is up to date, resolution step is skipped
. install: . install: . install: . install: . install: . install$ pnpm install -r
. install: . install: . install: . install: . install: . install: Scope: all 40 workspace projects
. install: . install: . install: . install: . install: . install: Lockfile is up to date, resolution step is skipped
. install: . install: . install: . install: . install: . install: . install$ pnpm install -r
. install: . install: . install: . install: . install: . install: . install: Scope: all 40 workspace projects
. install: . install: . install: . install: . install: . install: . install: Lockfile is up to date, resolution step is skipped
. install: . install: . install: . install: . install: . install: . install: . install$ pnpm install -r
. install: . install: . install: . install: . install: . install: . install: . install: Scope: all 40 workspace projects
. install: . install: . install: . install: . install: . install: . install: . install: Lockfile is up to date, resolution step is skipped
. install: . install: . install: . install: . install: . install: . install: . install: . install$ pnpm install -r
. install: . install: . install: . install: . install: . install: . install: . install: . install: Scope: all 40 workspace projects
. install: . install: . install: . install: . install: . install: . install: . install: . install: Lockfile is up to date, resolution step is skipped
. install: . install: . install: . install: . install: . install: . install: . install: . install: . install$ pnpm install -r
. install: . install: . install: . install: . install: . install: . install: . install: . install: . install: Scope: all 40 workspace projects
. install: . install: . install: . install: . install: . install: . install: . install: . install: . install: Lockfile is up to date, resolution step is skipped
. install: . install: . install: . install: . install: . install: . install: . install: . install: . install: . install$ pnpm install -r
. install: . install: . install: . install: . install: . install: . install: . install: . install: . install: . install: Scope: all 40 workspace projects
. install: . install: . install: . install: . install: . install: . install: . install: . install: . install: . install: Lockfile is up to date, resolution step is skipped
. install: . install: . install: . install: . install: . install: . install: . install: . install: . install: . install: . install$ pnpm install -r
. install: . install: . install: . install: . install: . install: . install: . install: . install: . install: . install: . install: Scope: all 40 workspace projects
. install: . install: . install: . install: . install: . install: . install: . install: . install: . install: . install: . install: Lockfile is up to date, resolution step is skipped
. install: . install: . install: . install: . install: . install: . install: . install: . install: . install: . install: . install: . install$ pnpm install -r
. install: . install: . install: . install: . install: . install: . install: . install: . install: . install: . install: . install: . install: Scope: all 40 workspace projects
. install: . install: . install: . install: . install: . install: . install: . install: . install: . install: . install: . install: . install: Lockfile is up to date, resolution step is skipped
. install: . install: . install: . install: . install: . install: . install: . install: . install: . install: . install: . install: . install: . install$ pnpm install -r
. install: . install: . install: . install: . install: . install: . install: . install: . install: . install: . install: . install: . install: . install: Scope: all 40 workspace projects
. install: . install: . install: . install: . install: . install: . install: . install: . install: . install: . install: . install: . install: . install: Lockfile is up to date, resolution step is skipped
. install: . install: . install: . install: . install: . install: . install: . install: . install: . install: . install: . install: . install: . install: . install$ pnpm install -r
. install: . install: . install: . install: . install: . install: . install: . install: . install: . install: . install: . install: . install: . install: . install: Scope: all 40 workspace projects
. install: . install: . install: . install: . install: . install: . install: . install: . install: . install: . install: . install: . install: . install: . install: Lockfile is up to date, resolution step is skipped
. install: . install: . install: . install: . install: . install: . install: . install: . install: . install: . install: . install: . install: . install: . install: . install$ pnpm install -r
. install: . install: . install: . install: . install: . install: . install: . install: . install: . install: . install: . install: . install: . install: . install: . install: Scope: all 40 workspace projects
. install: . install: . install: . install: . install: . install: . install: . install: . install: . install: . install: . install: . install: . install: . install: . install: Lockfile is up to date, resolution step is skipped
. install: . install: . install: . install: . install: . install: . install: . install: . install: . install: . install: . install: . install: . install: . install: . install: . install$ pnpm install -r
. install: . install: . install: . install: . install: . install: . install: . install: . install: . install: . install: . install: . install: . install: . install: . install: . install: Scope: all 40 workspace projects
. install: . install: . install: . install: . install: . install: . install: . install: . install: . install: . install: . install: . install: . install: . install: . install: . install: Lockfile is up to date, resolution step is skipped
. install: . install: . install: . install: . install: . install: . install: . install: . install: . install: . install: . install: . install: . install: . install: . install: . install: . install$ pnpm install -r
. install: . install: . install: . install: . install: . install: . install: . install: . install: . install: . install: . install: . install: . install: . install: . install: . install: . install: Scope: all 40 workspace projects
. install: . install: . install: . install: . install: . install: . install: . install: . install: . install: . install: . install: . install: . install: . install: . install: . install: . install: Lockfile is up to date, resolution step is skipped
. install: . install: . install: . install: . install: . install: . install: . install: . install: . install: . install: . install: . install: . install: . install: . install: . install: . install: . install$ pnpm install -r
. install: . install: . install: . install: . install: . install: . install: . install: . install: . install: . install: . install: . install: . install: . install: . install: . install: . install: . install: Scope: all 40 workspace projects
. install: . install: . install: . install: . install: . install: . install: . install: . install: . install: . install: . install: . install: . install: . install: . install: . install: . install: . install: Lockfile is up to date, resolution step is skipped
. install: . install: . install: . install: . install: . install: . install: . install: . install: . install: . install: . install: . install: . install: . install: . install: . install: . install: . install: . install$ pnpm install -r
. install: . install: . install: . install: . install: . install: . install: . install: . install: . install: . install: . install: . install: . install: . install: . install: . install: . install: . install: . install: Scope: all 40 workspace projects
. install: . install: . install: . install: . install: . install: . install: . install: . install: . install: . install: . install: . install: . install: . install: . install: . install: . install: . install: . install: Lockfile is up to date, resolution step is skipped
. install: . install: . install: . install: . install: . install: . install: . install: . install: . install: . install: . install: . install: . install: . install: . install: . install: . install: . install: . install: . install$ pnpm install -r
. install: . install: . install: . install: . install: . install: . install: . install: . install: . install: . install: . install: . install: . install: . install: . install: . install: . install: . install: . install: . install: Scope: all 40 workspace projects
. install: . install: . install: . install: . install: . install: . install: . install: . install: . install: . install: . install: . install: . install: . install: . install: . install: . install: . install: . install: . install: Lockfile is up to date, resolution step is skipped
. install: . install: . install: . install: . install: . install: . install: . install: . install: . install: . install: . install: . install: . install: . install: . install: . install: . install: . install: . install: . install: . install$ pnpm install -r
. install: . install: . install: . install: . install: . install: . install: . install: . install: . install: . install: . install: . install: . install: . install: . install: . install: . install: . install: . install: . install: . install: Scope: all 40 workspace projects
. install: . install: . install: . install: . install: . install: . install: . install: . install: . install: . install: . install: . install: . install: . install: . install: . install: . install: . install: . install: . install: . install: Lockfile is up to date, resolution step is skipped
. install: . install: . install: . install: . install: . install: . install: . install: . install: . install: . install: . install: . install: . install: . install: . install: . install: . install: . install: . install: . install: . install: . install$ pnpm install -r
. install: . install: . install: . install: . install: . install: . install: . install: . install: . install: . install: . install: . install: . install: . install: . install: . install: . install: . install: . install: . install: . install: . install: Scope: all 40 workspace projects
. install: . install: . install: . install: . install: . install: . install: . install: . install: . install: . install: . install: . install: . install: . install: . install: . install: . install: . install: . install: . install: . install: . install: Lockfile is up to date, resolution step is skipped
. install: . install: . install: . install: . install: . install: . install: . install: . install: . install: . install: . install: . install: . install: . install: . install: . install: . install: . install: . install: . install: . install: . install: . install$ pnpm install -r
. install: . install: . install: . install: . install: . install: . install: . install: . install: . install: . install: . install: . install: . install: . install: . install: . install: . install: . install: . install: . install: . install: . install: . install: Scope: all 40 workspace projects
. install: . install: . install: . install: . install: . install: . install: . install: . install: . install: . install: . install: . install: . install: . install: . install: . install: . install: . install: . install: . install: . install: . install: . install: Lockfile is up to date, resolution step is skipped
. install: . install: . install: . install: . install: . install: . install: . install: . install: . install: . install: . install: . install: . install: . install: . install: . install: . install: . install: . install: . install: . install: . install: . install: . install$ pnpm install -r
. install: . install: . install: . install: . install: . install: . install: . install: . install: . install: . install: . install: . install: . install: . install: . install: . install: . install: . install: . install: . install: . install: . install: . install: . install: Scope: all 40 workspace projects
. install: . install: . install: . install: . install: . install: . install: . install: . install: . install: . install: . install: . install: . install: . install: . install: . install: . install: . install: . install: . install: . install: . install: . install: . install: Lockfile is up to date, resolution step is skipped
. install: . install: . install: . install: . install: . install: . install: . install: . install: . install: . install: . install: . install: . install: . install: . install: . install: . install: . install: . install: . install: . install: . install: . install: . install: . install$ pnpm install -r
. install: . install: . install: . install: . install: . install: . install: . install: . install: . install: . install: . install: . install: . install: . install: . install: . install: . install: . install: . install: . install: . install: . install: . install: . install: . install: Scope: all 40 workspace projects
. install: . install: . install: . install: . install: . install: . install: . install: . install: . install: . install: . install: . install: . install: . install: . install: . install: . install: . install: . install: . install: . install: . install: . install: . install: . install: Lockfile is up to date, resolution step is skipped
. install: . install: . install: . install: . install: . install: . install: . install: . install: . install: . install: . install: . install: . install: . install: . install: . install: . install: . install: . install: . install: . install: . install: . install: . install: . install: . install$ pnpm install -r
. install: . install: . install: . install: . install: . install: . install: . install: . install: . install: . install: . install: . install: . install: . install: . install: . install: . install: . install: . install: . install: . install: . install: . install: . install: . install: . install: Scope: all 40 workspace projects
. install: . install: . install: . install: . install: . install: . install: . install: . install: . install: . install: . install: . install: . install: . install: . install: . install: . install: . install: . install: . install: . install: . install: . install: . install: . install: . install: Lockfile is up to date, resolution step is skipped
. install: . install: . install: . install: . install: . install: . install: . install: . install: . install: . install: . install: . install: . install: . install: . install: . install: . install: . install: . install: . install: . install: . install: . install: . install: . install: . install: . install$ pnpm install -r
. install: . install: . install: . install: . install: . install: . install: . install: . install: . install: . install: . install: . install: . install: . install: . install: . install: . install: . install: . install: . install: . install: . install: . install: . install: . install: . install: . install: Scope: all 40 workspace projects
. install: . install: . install: . install: . install: . install: . install: . install: . install: . install: . install: . install: . install: . install: . install: . install: . install: . install: . install: . install: . install: . install: . install: . install: . install: . install: . install: . install: Lockfile is up to date, resolution step is skipped
. install: . install: . install: . install: . install: . install: . install: . install: . install: . install: . install: . install: . install: . install: . install: . install: . install: . install: . install: . install: . install: . install: . install: . install: . install: . install: . install: . install: . install$ pnpm install -r
. install: . install: . install: . install: . install: . install: . install: . install: . install: . install: . install: . install: . install: . install: . install: . install: . install: . install: . install: . install: . install: . install: . install: . install: . install: . install: . install: . install: . install: Scope: all 40 workspace projects
. install: . install: . install: . install: . install: . install: . install: . install: . install: . install: . install: . install: . install: . install: . install: . install: . install: . install: . install: . install: . install: . install: . install: . install: . install: . install: . install: . install: . install: Lockfile is up to date, resolution step is skipped
. install: . install: . install: . install: . install: . install: . install: . install: . install: . install: . install: . install: . install: . install: . install: . install: . install: . install: . install: . install: . install: . install: . install: . install: . install: . install: . install: . install: . install: . install$ pnpm install -r
. install: . install: . install: . install: . install: . install: . install: . install: . install: . install: . install: . install: . install: . install: . install: . install: . install: . install: . install: . install: . install: . install: . install: . install: . install: . install: . install: . install: . install: . install: Scope: all 40 workspace projects
. install: . install: . install: . install: . install: . install: . install: . install: . install: . install: . install: . install: . install: . install: . install: . install: . install: . install: . install: . install: . install: . install: . install: . install: . install: . install: . install: . install: . install: . install: Lockfile is up to date, resolution step is skipped
. install: . install: . install: . install: . install: . install: . install: . install: . install: . install: . install: . install: . install: . install: . install: . install: . install: . install: . install: . install: . install: . install: . install: . install: . install: . install: . install: . install: . install: . install: . install$ pnpm install -r
. install: . install: . install: . install: . install: . install: . install: . install: . install: . install: . install: . install: . install: . install: . install: . install: . install: . install: . install: . install: . install: . install: . install: . install: . install: . install: . install: . install: . install: . install: . install: Scope: all 40 workspace projects
. install: . install: . install: . install: . install: . install: . install: . install: . install: . install: . install: . install: . install: . install: . install: . install: . install: . install: . install: . install: . install: . install: . install: . install: . install: . install: . install: . install: . install: . install: . install: Lockfile is up to date, resolution step is skipped
. install: . install: . install: . install: . install: . install: . install: . install: . install: . install: . install: . install: . install: . install: . install: . install: . install: . install: . install: . install: . install: . install: . install: . install: . install: . install: . install: . install: . install: . install: . install: . install$ pnpm install -r
. install: . install: . install: . install: . install: . install: . install: . install: . install: . install: . install: . install: . install: . install: . install: . install: . install: . install: . install: . install: . install: . install: . install: . install: . install: . install: . install: . install: . install: . install: . install: . install: Scope: all 40 workspace projects
. install: . install: . install: . install: . install: . install: . install: . install: . install: . install: . install: . install: . install: . install: . install: . install: . install: . install: . install: . install: . install: . install: . install: . install: . install: . install: . install: . install: . install: . install: . install: . install: Lockfile is up to date, resolution step is skipped
. install: . install: . install: . install: . install: . install: . install: . install: . install: . install: . install: . install: . install: . install: . install: . install: . install: . install: . install: . install: . install: . install: . install: . install: . install: . install: . install: . install: . install: . install: . install: . install: . install$ pnpm install -r
. install: . install: . install: . install: . install: . install: . install: . install: . install: . install: . install: . install: . install: . install: . install: . install: . install: . install: . install: . install: . install: . install: . install: . install: . install: . install: . install: . install: . install: . install: . install: . install: . install: Scope: all 40 workspace projects
. install: . install: . install: . install: . install: . install: . install: . install: . install: . install: . install: . install: . install: . install: . install: . install: . install: . install: . install: . install: . install: . install: . install: . install: . install: . install: . install: . install: . install: . install: . install: . install: . install: Lockfile is up to date, resolution step is skipped
. install: . install: . install: . install: . install: . install: . install: . install: . install: . install: . install: . install: . install: . install: . install: . install: . install: . install: . install: . install: . install: . install: . install: . install: . install: . install: . install: . install: . install: . install: . install: . install: . install: . install$ pnpm install -r
. install: . install: . install: . install: . install: . install: . install: . install: . install: . install: . install: . install: . install: . install: . install: . install: . install: . install: . install: . install: . install: . install: . install: . install: . install: . install: . install: . install: . install: . install: . install: . install: . install: . install: Scope: all 40 workspace projects
. install: . install: . install: . install: . install: . install: . install: . install: . install: . install: . install: . install: . install: . install: . install: . install: . install: . install: . install: . install: . install: . install: . install: . install: . install: . install: . install: . install: . install: . install: . install: . install: . install: . install: Lockfile is up to date, resolution step is skipped
. install: . install: . install: . install: . install: . install: . install: . install: . install: . install: . install: . install: . install: . install: . install: . install: . install: . install: . install: . install: . install: . install: . install: . install: . install: . install: . install: . install: . install: . install: . install: . install: . install: . install: . install$ pnpm install -r
. install: . install: . install: . install: . install: . install: . install: . install: . install: . install: . install: . install: . install: . install: . install: . install: . install: . install: . install: . install: . install: . install: . install: . install: . install: . install: . install: . install: . install: . install: . install: . install: . install: . install: . install: Scope: all 40 workspace projects
. install: . install: . install: . install: . install: . install: . install: . install: . install: . install: . install: . install: . install: . install: . install: . install: . install: . install: . install: . install: . install: . install: . install: . install: . install: . install: . install: . install: . install: . install: . install: . install: . install: . install: . install: Lockfile is up to date, resolution step is skipped
. install: . install: . install: . install: . install: . install: . install: . install: . install: . install: . install: . install: . install: . install: . install: . install: . install: . install: . install: . install: . install: . install: . install: . install: . install: . install: . install: . install: . install: . install: . install: . install: . install: . install: . install: . install$ pnpm install -r
. install: . install: . install: . install: . install: . install: . install: . install: . install: . install: . install: . install: . install: . install: . install: . install: . install: . install: . install: . install: . install: . install: . install: . install: . install: . install: . install: . install: . install: . install: . install: . install: . install: . install: . install: . install: Scope: all 40 workspace projects
. install: . install: . install: . install: . install: . install: . install: . install: . install: . install: . install: . install: . install: . install: . install: . install: . install: . install: . install: . install: . install: . install: . install: . install: . install: . install: . install: . install: . install: . install: . install: . install: . install: . install: . install: . install: Lockfile is up to date, resolution step is skipped
. install: . install: . install: . install: . install: . install: . install: . install: . install: . install: . install: . install: . install: . install: . install: . install: . install: . install: . install: . install: . install: . install: . install: . install: . install: . install: . install: . install: . install: . install: . install: . install: . install: . install: . install: . install: . install$ pnpm install -r
. install: . install: . install: . install: . install: . install: . install: . install: . install: . install: . install: . install: . install: . install: . install: . install: . install: . install: . install: . install: . install: . install: . install: . install: . install: . install: . install: . install: . install: . install: . install: . install: . install: . install: . install: . install: . install: Scope: all 40 workspace projects
. install: . install: . install: . install: . install: . install: . install: . install: . install: . install: . install: . install: . install: . install: . install: . install: . install: . install: . install: . install: . install: . install: . install: . install: . install: . install: . install: . install: . install: . install: . install: . install: . install: . install: . install: . install: . install: Lockfile is up to date, resolution step is skipped
. install: . install: . install: . install: . install: . install: . install: . install: . install: . install: . install: . install: . install: . install: . install: . install: . install: . install: . install: . install: . install: . install: . install: . install: . install: . install: . install: . install: . install: . install: . install: . install: . install: . install: . install: . install: . install: . install$ pnpm install -r
. install: . install: . install: . install: . install: . install: . install: . install: . install: . install: . install: . install: . install: . install: . install: . install: . install: . install: . install: . install: . install: . install: . install: . install: . install: . install: . install: . install: . install: . install: . install: . install: . install: . install: . install: . install: . install: . install: Scope: all 40 workspace projects
. install: . install: . install: . install: . install: . install: . install: . install: . install: . install: . install: . install: . install: . install: . install: . install: . install: . install: . install: . install: . install: . install: . install: . install: . install: . install: . install: . install: . install: . install: . install: . install: . install: . install: . install: . install: . install: . install: Lockfile is up to date, resolution step is skipped
. install: . install: . install: . install: . install: . install: . install: . install: . install: . install: . install: . install: . install: . install: . install: . install: . install: . install: . install: . install: . install: . install: . install: . install: . install: . install: . install: . install: . install: . install: . install: . install: . install: . install: . install: . install: . install: . install: . install$ pnpm install -r
. install: . install: . install: . install: . install: . install: . install: . install: . install: . install: . install: . install: . install: . install: . install: . install: . install: . install: . install: . install: . install: . install: . install: . install: . install: . install: . install: . install: . install: . install: . install: . install: . install: . install: . install: . install: . install: . install: . install: Scope: all 40 workspace projects
. install: . install: . install: . install: . install: . install: . install: . install: . install: . install: . install: . install: . install: . install: . install: . install: . install: . install: . install: . install: . install: . install: . install: . install: . install: . install: . install: . install: . install: . install: . install: . install: . install: . install: . install: . install: . install: . install: . install: Lockfile is up to date, resolution step is skipped
. install: . install: . install: . install: . install: . install: . install: . install: . install: . install: . install: . install: . install: . install: . install: . install: . install: . install: . install: . install: . install: . install: . install: . install: . install: . install: . install: . install: . install: . install: . install: . install: . install: . install: . install: . install: . install: . install: . install: . install$ pnpm install -r
. install: . install: . install: . install: . install: . install: . install: . install: . install: . install: . install: . install: . install: . install: . install: . install: . install: . install: . install: . install: . install: . install: . install: . install: . install: . install: . install: . install: . install: . install: . install: . install: . install: . install: . install: . install: . install: . install: . install: . install: Scope: all 40 workspace projects
. install: . install: . install: . install: . install: . install: . install: . install: . install: . install: . install: . install: . install: . install: . install: . install: . install: . install: . install: . install: . install: . install: . install: . install: . install: . install: . install: . install: . install: . install: . install: . install: . install: . install: . install: . install: . install: . install: . install: . install: Lockfile is up to date, resolution step is skipped
. install: . install: . install: . install: . install: . install: . install: . install: . install: . install: . install: . install: . install: . install: . install: . install: . install: . install: . install: . install: . install: . install: . install: . install: . install: . install: . install: . install: . install: . install: . install: . install: . install: . install: . install: . install: . install: . install: . install: . install: . install$ pnpm install -r
. install: . install: . install: . install: . install: . install: . install: . install: . install: . install: . install: . install: . install: . install: . install: . install: . install: . install: . install: . install: . install: . install: . install: . install: . install: . install: . install: . install: . install: . install: . install: . install: . install: . install: . install: . install: . install: . install: . install: . install: . install: Scope: all 40 workspace projects
. install: . install: . install: . install: . install: . install: . install: . install: . install: . install: . install: . install: . install: . install: . install: . install: . install: . install: . install: . install: . install: . install: . install: . install: . install: . install: . install: . install: . install: . install: . install: . install: . install: . install: . install: . install: . install: . install: . install: . install: . install: Lockfile is up to date, resolution step is skipped
. install: . install: . install: . install: . install: . install: . install: . install: . install: . install: . install: . install: . install: . install: . install: . install: . install: . install: . install: . install: . install: . install: . install: . install: . install: . install: . install: . install: . install: . install: . install: . install: . install: . install: . install: . install: . install: . install: . install: . install: . install: . install$ pnpm install -r
. install: . install: . install: . install: . install: . install: . install: . install: . install: . install: . install: . install: . install: . install: . install: . install: . install: . install: . install: . install: . install: . install: . install: . install: . install: . install: . install: . install: . install: . install: . install: . install: . install: . install: . install: . install: . install: . install: . install: . install: . install: . install: Scope: all 40 workspace projects
. install: . install: . install: . install: . install: . install: . install: . install: . install: . install: . install: . install: . install: . install: . install: . install: . install: . install: . install: . install: . install: . install: . install: . install: . install: . install: . install: . install: . install: . install: . install: . install: . install: . install: . install: . install: . install: . install: . install: . install: . install: . install: Lockfile is up to date, resolution step is skipped
. install: . install: . install: . install: . install: . install: . install: . install: . install: . install: . install: . install: . install: . install: . install: . install: . install: . install: . install: . install: . install: . install: . install: . install: . install: . install: . install: . install: . install: . install: . install: . install: . install: . install: . install: . install: . install: . install: . install: . install: . install: . install: . install$ pnpm install -r
. install: . install: . install: . install: . install: . install: . install: . install: . install: . install: . install: . install: . install: . install: . install: . install: . install: . install: . install: . install: . install: . install: . install: . install: . install: . install: . install: . install: . install: . install: . install: . install: . install: . install: . install: . install: . install: . install: . install: . install: . install: . install: . install: Scope: all 40 workspace projects
. install: . install: . install: . install: . install: . install: . install: . install: . install: . install: . install: . install: . install: . install: . install: . install: . install: . install: . install: . install: . install: . install: . install: . install: . install: . install: . install: . install: . install: . install: . install: . install: . install: . install: . install: . install: . install: . install: . install: . install: . install: . install: . install: Lockfile is up to date, resolution step is skipped
. install: . install: . install: . install: . install: . install: . install: . install: . install: . install: . install: . install: . install: . install: . install: . install: . install: . install: . install: . install: . install: . install: . install: . install: . install: . install: . install: . install: . install: . install: . install: . install: . install: . install: . install: . install: . install: . install: . install: . install: . install: . install: . install: . install$ pnpm install -r
. install: . install: . install: . install: . install: . install: . install: . install: . install: . install: . install: . install: . install: . install: . install: . install: . install: . install: . install: . install: . install: . install: . install: . install: . install: . install: . install: . install: . install: . install: . install: . install: . install: . install: . install: . install: . install: . install: . install: . install: . install: . install: . install: . install: Scope: all 40 workspace projects
. install: . install: . install: . install: . install: . install: . install: . install: . install: . install: . install: . install: . install: . install: . install: . install: . install: . install: . install: . install: . install: . install: . install: . install: . install: . install: . install: . install: . install: . install: . install: . install: . install: . install: . install: . install: . install: . install: . install: . install: . install: . install: . install: . install: Lockfile is up to date, resolution step is skipped
. install: . install: . install: . install: . install: . install: . install: . install: . install: . install: . install: . install: . install: . install: . install: . install: . install: . install: . install: . install: . install: . install: . install: . install: . install: . install: . install: . install: . install: . install: . install: . install: . install: . install: . install: . install: . install: . install: . install: . install: . install: . install: . install: . install: . install$ pnpm install -r
. install: . install: . install: . install: . install: . install: . install: . install: . install: . install: . install: . install: . install: . install: . install: . install: . install: . install: . install: . install: . install: . install: . install: . install: . install: . install: . install: . install: . install: . install: . install: . install: . install: . install: . install: . install: . install: . install: . install: . install: . install: . install: . install: . install: . install: Scope: all 40 workspace projects
. install: . install: . install: . install: . install: . install: . install: . install: . install: . install: . install: . install: . install: . install: . install: . install: . install: . install: . install: . install: . install: . install: . install: . install: . install: . install: . install: . install: . install: . install: . install: . install: . install: . install: . install: . install: . install: . install: . install: . install: . install: . install: . install: . install: . install: Lockfile is up to date, resolution step is skipped
. install: . install: . install: . install: . install: . install: . install: . install: . install: . install: . install: . install: . install: . install: . install: . install: . install: . install: . install: . install: . install: . install: . install: . install: . install: . install: . install: . install: . install: . install: . install: . install: . install: . install: . install: . install: . install: . install: . install: . install: . install: . install: . install: . install: . install: . install$ pnpm install -r
. install: . install: . install: . install: . install: . install: . install: . install: . install: . install: . install: . install: . install: . install: . install: . install: . install: . install: . install: . install: . install: . install: . install: . install: . install: . install: . install: . install: . install: . install: . install: . install: . install: . install: . install: . install: . install: . install: . install: . install: . install: . install: . install: . install: . install: . install: Scope: all 40 workspace projects
. install: . install: . install: . install: . install: . install: . install: . install: . install: . install: . install: . install: . install: . install: . install: . install: . install: . install: . install: . install: . install: . install: . install: . install: . install: . install: . install: . install: . install: . install: . install: . install: . install: . install: . install: . install: . install: . install: . install: . install: . install: . install: . install: . install: . install: . install: Lockfile is up to date, resolution step is skipped
. install: . install: . install: . install: . install: . install: . install: . install: . install: . install: . install: . install: . install: . install: . install: . install: . install: . install: . install: . install: . install: . install: . install: . install: . install: . install: . install: . install: . install: . install: . install: . install: . install: . install: . install: . install: . install: . install: . install: . install: . install: . install: . install: . install: . install: . install: . install$ pnpm install -r
. install: . install: . install: . install: . install: . install: . install: . install: . install: . install: . install: . install: . install: . install: . install: . install: . install: . install: . install: . install: . install: . install: . install: . install: . install: . install: . install: . install: . install: . install: . install: . install: . install: . install: . install: . install: . install: . install: . install: . install: . install: . install: . install: . install: . install: . install: . install: Scope: all 40 workspace projects
. install: . install: . install: . install: . install: . install: . install: . install: . install: . install: . install: . install: . install: . install: . install: . install: . install: . install: . install: . install: . install: . install: . install: . install: . install: . install: . install: . install: . install: . install: . install: . install: . install: . install: . install: . install: . install: . install: . install: . install: . install: . install: . install: . install: . install: . install: . install: Lockfile is up to date, resolution step is skipped
. install: . install: . install: . install: . install: . install: . install: . install: . install: . install: . install: . install: . install: . install: . install: . install: . install: . install: . install: . install: . install: . install: . install: . install: . install: . install: . install: . install: . install: . install: . install: . install: . install: . install: . install: . install: . install: . install: . install: . install: . install: . install: . install: . install: . install: . install: . install: . install$ pnpm install -r
. install: . install: . install: . install: . install: . install: . install: . install: . install: . install: . install: . install: . install: . install: . install: . install: . install: . install: . install: . install: . install: . install: . install: . install: . install: . install: . install: . install: . install: . install: . install: . install: . install: . install: . install: . install: . install: . install: . install: . install: . install: . install: . install: . install: . install: . install: . install: . install: Scope: all 40 workspace projects
. install: . install: . install: . install: . install: . install: . install: . install: . install: . install: . install: . install: . install: . install: . install: . install: . install: . install: . install: . install: . install: . install: . install: . install: . install: . install: . install: . install: . install: . install: . install: . install: . install: . install: . install: . install: . install: . install: . install: . install: . install: . install: . install: . install: . install: . install: . install: . install: Lockfile is up to date, resolution step is skipped
. install: . install: . install: . install: . install: . install: . install: . install: . install: . install: . install: . install: . install: . install: . install: . install: . install: . install: . install: . install: . install: . install: . install: . install: . install: . install: . install: . install: . install: . install: . install: . install: . install: . install: . install: . install: . install: . install: . install: . install: . install: . install: . install: . install: . install: . install: . install: . install: . install$ pnpm install -r
. install: . install: . install: . install: . install: . install: . install: . install: . install: . install: . install: . install: . install: . install: . install: . install: . install: . install: . install: . install: . install: . install: . install: . install: . install: . install: . install: . install: . install: . install: . install: . install: . install: . install: . install: . install: . install: . install: . install: . install: . install: . install: . install: . install: . install: . install: . install: . install: . install: Scope: all 40 workspace projects
. install: . install: . install: . install: . install: . install: . install: . install: . install: . install: . install: . install: . install: . install: . install: . install: . install: . install: . install: . install: . install: . install: . install: . install: . install: . install: . install: . install: . install: . install: . install: . install: . install: . install: . install: . install: . install: . install: . install: . install: . install: . install: . install: . install: . install: . install: . install: . install: . install: Lockfile is up to date, resolution step is skipped
. install: . install: . install: . install: . install: . install: . install: . install: . install: . install: . install: . install: . install: . install: . install: . install: . install: . install: . install: . install: . install: . install: . install: . install: . install: . install: . install: . install: . install: . install: . install: . install: . install: . install: . install: . install: . install: . install: . install: . install: . install: . install: . install: . install: . install: . install: . install: . install: . install: . install$ pnpm install -r
. install: . install: . install: . install: . install: . install: . install: . install: . install: . install: . install: . install: . install: . install: . install: . install: . install: . install: . install: . install: . install: . install: . install: . install: . install: . install: . install: . install: . install: . install: . install: . install: . install: . install: . install: . install: . install: . install: . install: . install: . install: . install: . install: . install: . install: . install: . install: . install: . install: . install: Scope: all 40 workspace projects
. install: . install: . install: . install: . install: . install: . install: . install: . install: . install: . install: . install: . install: . install: . install: . install: . install: . install: . install: . install: . install: . install: . install: . install: . install: . install: . install: . install: . install: . install: . install: . install: . install: . install: . install: . install: . install: . install: . install: . install: . install: . install: . install: . install: . install: . install: . install: . install: . install: . install: Lockfile is up to date, resolution step is skipped
. install: . install: . install: . install: . install: . install: . install: . install: . install: . install: . install: . install: . install: . install: . install: . install: . install: . install: . install: . install: . install: . install: . install: . install: . install: . install: . install: . install: . install: . install: . install: . install: . install: . install: . install: . install: . install: . install: . install: . install: . install: . install: . install: . install: . install: . install: . install: . install: . install: . install: . install$ pnpm install -r
. install: . install: . install: . install: . install: . install: . install: . install: . install: . install: . install: . install: . install: . install: . install: . install: . install: . install: . install: . install: . install: . install: . install: . install: . install: . install: . install: . install: . install: . install: . install: . install: . install: . install: . install: . install: . install: . install: . install: . install: . install: . install: . install: . install: . install: . install: . install: . install: . install: . install: . install: Scope: all 40 workspace projects
. install: . install: . install: . install: . install: . install: . install: . install: . install: . install: . install: . install: . install: . install: . install: . install: . install: . install: . install: . install: . install: . install: . install: . install: . install: . install: . install: . install: . install: . install: . install: . install: . install: . install: . install: . install: . install: . install: . install: . install: . install: . install: . install: . install: . install: . install: . install: . install: . install: . install: . install: Lockfile is up to date, resolution step is skipped
. install: . install: . install: . install: . install: . install: . install: . install: . install: . install: . install: . install: . install: . install: . install: . install: . install: . install: . install: . install: . install: . install: . install: . install: . install: . install: . install: . install: . install: . install: . install: . install: . install: . install: . install: . install: . install: . install: . install: . install: . install: . install: . install: . install: . install: . install: . install: . install: . install: . install: . install: . install$ pnpm install -r
. install: . install: . install: . install: . install: . install: . install: . install: . install: . install: . install: . install: . install: . install: . install: . install: . install: . install: . install: . install: . install: . install: . install: . install: . install: . install: . install: . install: . install: . install: . install: . install: . install: . install: . install: . install: . install: . install: . install: . install: . install: . install: . install: . install: . install: . install: . install: . install: . install: . install: . install: . install: Scope: all 40 workspace projects
. install: . install: . install: . install: . install: . install: . install: . install: . install: . install: . install: . install: . install: . install: . install: . install: . install: . install: . install: . install: . install: . install: . install: . install: . install: . install: . install: . install: . install: . install: . install: . install: . install: . install: . install: . install: . install: . install: . install: . install: . install: . install: . install: . install: . install: . install: . install: . install: . install: . install: . install: . install: Lockfile is up to date, resolution step is skipped
. install: . install: . install: . install: . install: . install: . install: . install: . install: . install: . install: . install: . install: . install: . install: . install: . install: . install: . install: . install: . install: . install: . install: . install: . install: . install: . install: . install: . install: . install: . install: . install: . install: . install: . install: . install: . install: . install: . install: . install: . install: . install: . install: . install: . install: . install: . install: . install: . install: . install: . install: . install: . install$ pnpm install -r
. install: . install: . install: . install: . install: . install: . install: . install: . install: . install: . install: . install: . install: . install: . install: . install: . install: . install: . install: . install: . install: . install: . install: . install: . install: . install: . install: . install: . install: . install: . install: . install: . install: . install: . install: . install: . install: . install: . install: . install: . install: . install: . install: . install: . install: . install: . install: . install: . install: . install: . install: . install: . install: Scope: all 40 workspace projects
. install: . install: . install: . install: . install: . install: . install: . install: . install: . install: . install: . install: . install: . install: . install: . install: . install: . install: . install: . install: . install: . install: . install: . install: . install: . install: . install: . install: . install: . install: . install: . install: . install: . install: . install: . install: . install: . install: . install: . install: . install: . install: . install: . install: . install: . install: . install: . install: . install: . install: . install: . install: . install: Lockfile is up to date, resolution step is skipped
. install: . install: . install: . install: . install: . install: . install: . install: . install: . install: . install: . install: . install: . install: . install: . install: . install: . install: . install: . install: . install: . install: . install: . install: . install: . install: . install: . install: . install: . install: . install: . install: . install: . install: . install: . install: . install: . install: . install: . install: . install: . install: . install: . install: . install: . install: . install: . install: . install: . install: . install: . install: . install: . install$ pnpm install -r
. install: . install: . install: . install: . install: . install: . install: . install: . install: . install: . install: . install: . install: . install: . install: . install: . install: . install: . install: . install: . install: . install: . install: . install: . install: . install: . install: . install: . install: . install: . install: . install: . install: . install: . install: . install: . install: . install: . install: . install: . install: . install: . install: . install: . install: . install: . install: . install: . install: . install: . install: . install: . install: . install: Scope: all 40 workspace projects
. install: . install: . install: . install: . install: . install: . install: . install: . install: . install: . install: . install: . install: . install: . install: . install: . install: . install: . install: . install: . install: . install: . install: . install: . install: . install: . install: . install: . install: . install: . install: . install: . install: . install: . install: . install: . install: . install: . install: . install: . install: . install: . install: . install: . install: . install: . install: . install: . install: . install: . install: . install: . install: . install: Lockfile is up to date, resolution step is skipped
. install: . install: . install: . install: . install: . install: . install: . install: . install: . install: . install: . install: . install: . install: . install: . install: . install: . install: . install: . install: . install: . install: . install: . install: . install: . install: . install: . install: . install: . install: . install: . install: . install: . install: . install: . install: . install: . install: . install: . install: . install: . install: . install: . install: . install: . install: . install: . install: . install: . install: . install: . install: . install: . install: . install$ pnpm install -r
. install: . install: . install: . install: . install: . install: . install: . install: . install: . install: . install: . install: . install: . install: . install: . install: . install: . install: . install: . install: . install: . install: . install: . install: . install: . install: . install: . install: . install: . install: . install: . install: . install: . install: . install: . install: . install: . install: . install: . install: . install: . install: . install: . install: . install: . install: . install: . install: . install: . install: . install: . install: . install: . install: . install: Scope: all 40 workspace projects
. install: . install: . install: . install: . install: . install: . install: . install: . install: . install: . install: . install: . install: . install: . install: . install: . install: . install: . install: . install: . install: . install: . install: . install: . install: . install: . install: . install: . install: . install: . install: . install: . install: . install: . install: . install: . install: . install: . install: . install: . install: . install: . install: . install: . install: . install: . install: . install: . install: . install: . install: . install: . install: . install: . install: Lockfile is up to date, resolution step is skipped
. install: . install: . install: . install: . install: . install: . install: . install: . install: . install: . install: . install: . install: . install: . install: . install: . install: . install: . install: . install: . install: . install: . install: . install: . install: . install: . install: . install: . install: . install: . install: . install: . install: . install: . install: . install: . install: . install: . install: . install: . install: . install: . install: . install: . install: . install: . install: . install: . install: . install: . install: . install: . install: . install: . install: . install$ pnpm install -r
. install: . install: . install: . install: . install: . install: . install: . install: . install: . install: . install: . install: . install: . install: . install: . install: . install: . install: . install: . install: . install: . install: . install: . install: . install: . install: . install: . install: . install: . install: . install: . install: . install: . install: . install: . install: . install: . install: . install: . install: . install: . install: . install: . install: . install: . install: . install: . install: . install: . install: . install: . install: . install: . install: . install: . install: Scope: all 40 workspace projects
. install: . install: . install: . install: . install: . install: . install: . install: . install: . install: . install: . install: . install: . install: . install: . install: . install: . install: . install: . install: . install: . install: . install: . install: . install: . install: . install: . install: . install: . install: . install: . install: . install: . install: . install: . install: . install: . install: . install: . install: . install: . install: . install: . install: . install: . install: . install: . install: . install: . install: . install: . install: . install: . install: . install: . install: Lockfile is up to date, resolution step is skipped
. install: . install: . install: . install: . install: . install: . install: . install: . install: . install: . install: . install: . install: . install: . install: . install: . install: . install: . install: . install: . install: . install: . install: . install: . install: . install: . install: . install: . install: . install: . install: . install: . install: . install: . install: . install: . install: . install: . install: . install: . install: . install: . install: . install: . install: . install: . install: . install: . install: . install: . install: . install: . install: . install: . install: . install: . install$ pnpm install -r
. install: . install: . install: . install: . install: . install: . install: . install: . install: . install: . install: . install: . install: . install: . install: . install: . install: . install: . install: . install: . install: . install: . install: . install: . install: . install: . install: . install: . install: . install: . install: . install: . install: . install: . install: . install: . install: . install: . install: . install: . install: . install: . install: . install: . install: . install: . install: . install: . install: . install: . install: . install: . install: . install: . install: . install: . install: Scope: all 40 workspace projects
. install: . install: . install: . install: . install: . install: . install: . install: . install: . install: . install: . install: . install: . install: . install: . install: . install: . install: . install: . install: . install: . install: . install: . install: . install: . install: . install: . install: . install: . install: . install: . install: . install: . install: . install: . install: . install: . install: . install: . install: . install: . install: . install: . install: . install: . install: . install: . install: . install: . install: . install: . install: . install: . install: . install: . install: . install: Lockfile is up to date, resolution step is skipped
. install: . install: . install: . install: . install: . install: . install: . install: . install: . install: . install: . install: . install: . install: . install: . install: . install: . install: . install: . install: . install: . install: . install: . install: . install: . install: . install: . install: . install: . install: . install: . install: . install: . install: . install: . install: . install: . install: . install: . install: . install: . install: . install: . install: . install: . install: . install: . install: . install: . install: . install: . install: . install: . install: . install: . install: . install: . install$ pnpm install -r
. install: . install: . install: . install: . install: . install: . install: . install: . install: . install: . install: . install: . install: . install: . install: . install: . install: . install: . install: . install: . install: . install: . install: . install: . install: . install: . install: . install: . install: . install: . install: . install: . install: . install: . install: . install: . install: . install: . install: . install: . install: . install: . install: . install: . install: . install: . install: . install: . install: . install: . install: . install: . install: . install: . install: . install: . install: . install: Scope: all 40 workspace projects
. install: . install: . install: . install: . install: . install: . install: . install: . install: . install: . install: . install: . install: . install: . install: . install: . install: . install: . install: . install: . install: . install: . install: . install: . install: . install: . install: . install: . install: . install: . install: . install: . install: . install: . install: . install: . install: . install: . install: . install: . install: . install: . install: . install: . install: . install: . install: . install: . install: . install: . install: . install: . install: . install: . install: . install: . install: . install: Lockfile is up to date, resolution step is skipped
. install: . install: . install: . install: . install: . install: . install: . install: . install: . install: . install: . install: . install: . install: . install: . install: . install: . install: . install: . install: . install: . install: . install: . install: . install: . install: . install: . install: . install: . install: . install: . install: . install: . install: . install: . install: . install: . install: . install: . install: . install: . install: . install: . install: . install: . install: . install: . install: . install: . install: . install: . install: . install: . install: . install: . install: . install: . install: . install$ pnpm install -r
. install: . install: . install: . install: . install: . install: . install: . install: . install: . install: . install: . install: . install: . install: . install: . install: . install: . install: . install: . install: . install: . install: . install: . install: . install: . install: . install: . install: . install: . install: . install: . install: . install: . install: . install: . install: . install: . install: . install: . install: . install: . install: . install: . install: . install: . install: . install: . install: . install: . install: . install: . install: . install: . install: . install: . install: . install: . install: . install: Scope: all 40 workspace projects
. install: . install: . install: . install: . install: . install: . install: . install: . install: . install: . install: . install: . install: . install: . install: . install: . install: . install: . install: . install: . install: . install: . install: . install: . install: . install: . install: . install: . install: . install: . install: . install: . install: . install: . install: . install: . install: . install: . install: . install: . install: . install: . install: . install: . install: . install: . install: . install: . install: . install: . install: . install: . install: . install: . install: . install: . install: . install: . install: Lockfile is up to date, resolution step is skipped
. install: . install: . install: . install: . install: . install: . install: . install: . install: . install: . install: . install: . install: . install: . install: . install: . install: . install: . install: . install: . install: . install: . install: . install: . install: . install: . install: . install: . install: . install: . install: . install: . install: . install: . install: . install: . install: . install: . install: . install: . install: . install: . install: . install: . install: . install: . install: . install: . install: . install: . install: . install: . install: . install: . install: . install: . install: . install: . install: . install$ pnpm install -r
. install: . install: . install: . install: . install: . install: . install: . install: . install: . install: . install: . install: . install: . install: . install: . install: . install: . install: . install: . install: . install: . install: . install: . install: . install: . install: . install: . install: . install: . install: . install: . install: . install: . install: . install: . install: . install: . install: . install: . install: . install: . install: . install: . install: . install: . install: . install: . install: . install: . install: . install: . install: . install: . install: . install: . install: . install: . install: . install: . install: Scope: all 40 workspace projects
. install: . install: . install: . install: . install: . install: . install: . install: . install: . install: . install: . install: . install: . install: . install: . install: . install: . install: . install: . install: . install: . install: . install: . install: . install: . install: . install: . install: . install: . install: . install: . install: . install: . install: . install: . install: . install: . install: . install: . install: . install: . install: . install: . install: . install: . install: . install: . install: . install: . install: . install: . install: . install: . install: . install: . install: . install: . install: . install: . install: Lockfile is up to date, resolution step is skipped
. install: . install: . install: . install: . install: . install: . install: . install: . install: . install: . install: . install: . install: . install: . install: . install: . install: . install: . install: . install: . install: . install: . install: . install: . install: . install: . install: . install: . install: . install: . install: . install: . install: . install: . install: . install: . install: . install: . install: . install: . install: . install: . install: . install: . install: . install: . install: . install: . install: . install: . install: . install: . install: . install: . install: . install: . install: . install: . install: . install: . install$ pnpm install -r
. install: . install: . install: . install: . install: . install: . install: . install: . install: . install: . install: . install: . install: . install: . install: . install: . install: . install: . install: . install: . install: . install: . install: . install: . install: . install: . install: . install: . install: . install: . install: . install: . install: . install: . install: . install: . install: . install: . install: . install: . install: . install: . install: . install: . install: . install: . install: . install: . install: . install: . install: . install: . install: . install: . install: . install: . install: . install: . install: . install: . install: Scope: all 40 workspace projects
. install: . install: . install: . install: . install: . install: . install: . install: . install: . install: . install: . install: . install: . install: . install: . install: . install: . install: . install: . install: . install: . install: . install: . install: . install: . install: . install: . install: . install: . install: . install: . install: . install: . install: . install: . install: . install: . install: . install: . install: . install: . install: . install: . install: . install: . install: . install: . install: . install: . install: . install: . install: . install: . install: . install: . install: . install: . install: . install: . install: . install: Lockfile is up to date, resolution step is skipped
. install: . install: . install: . install: . install: . install: . install: . install: . install: . install: . install: . install: . install: . install: . install: . install: . install: . install: . install: . install: . install: . install: . install: . install: . install: . install: . install: . install: . install: . install: . install: . install: . install: . install: . install: . install: . install: . install: . install: . install: . install: . install: . install: . install: . install: . install: . install: . install: . install: . install: . install: . install: . install: . install: . install: . install: . install: . install: . install: . install: . install: . install$ pnpm install -r
. install: . install: . install: . install: . install: . install: . install: . install: . install: . install: . install: . install: . install: . install: . install: . install: . install: . install: . install: . install: . install: . install: . install: . install: . install: . install: . install: . install: . install: . install: . install: . install: . install: . install: . install: . install: . install: . install: . install: . install: . install: . install: . install: . install: . install: . install: . install: . install: . install: . install: . install: . install: . install: . install: . install: . install: . install: . install: . install: . install: . install: . install: Scope: all 40 workspace projects
. install: . install: . install: . install: . install: . install: . install: . install: . install: . install: . install: . install: . install: . install: . install: . install: . install: . install: . install: . install: . install: . install: . install: . install: . install: . install: . install: . install: . install: . install: . install: . install: . install: . install: . install: . install: . install: . install: . install: . install: . install: . install: . install: . install: . install: . install: . install: . install: . install: . install: . install: . install: . install: . install: . install: . install: . install: . install: . install: . install: . install: . install: Lockfile is up to date, resolution step is skipped
. install: . install: . install: . install: . install: . install: . install: . install: . install: . install: . install: . install: . install: . install: . install: . install: . install: . install: . install: . install: . install: . install: . install: . install: . install: . install: . install: . install: . install: . install: . install: . install: . install: . install: . install: . install: . install: . install: . install: . install: . install: . install: . install: . install: . install: . install: . install: . install: . install: . install: . install: . install: . install: . install: . install: . install: . install: . install: . install: . install: . install: . install: . install$ pnpm install -r
. install: . install: . install: . install: . install: . install: . install: . install: . install: . install: . install: . install: . install: . install: . install: . install: . install: . install: . install: . install: . install: . install: . install: . install: . install: . install: . install: . install: . install: . install: . install: . install: . install: . install: . install: . install: . install: . install: . install: . install: . install: . install: . install: . install: . install: . install: . install: . install: . install: . install: . install: . install: . install: . install: . install: . install: . install: . install: . install: . install: . install: . install: . install: Scope: all 40 workspace projects
. install: . install: . install: . install: . install: . install: . install: . install: . install: . install: . install: . install: . install: . install: . install: . install: . install: . install: . install: . install: . install: . install: . install: . install: . install: . install: . install: . install: . install: . install: . install: . install: . install: . install: . install: . install: . install: . install: . install: . install: . install: . install: . install: . install: . install: . install: . install: . install: . install: . install: . install: . install: . install: . install: . install: . install: . install: . install: . install: . install: . install: . install: . install: Lockfile is up to date, resolution step is skipped
. install: . install: . install: . install: . install: . install: . install: . install: . install: . install: . install: . install: . install: . install: . install: . install: . install: . install: . install: . install: . install: . install: . install: . install: . install: . install: . install: . install: . install: . install: . install: . install: . install: . install: . install: . install: . install: . install: . install: . install: . install: . install: . install: . install: . install: . install: . install: . install: . install: . install: . install: . install: . install: . install: . install: . install: . install: . install: . install: . install: . install: . install: . install: . install$ pnpm install -r
. install: . install: . install: . install: . install: . install: . install: . install: . install: . install: . install: . install: . install: . install: . install: . install: . install: . install: . install: . install: . install: . install: . install: . install: . install: . install: . install: . install: . install: . install: . install: . install: . install: . install: . install: . install: . install: . install: . install: . install: . install: . install: . install: . install: . install: . install: . install: . install: . install: . install: . install: . install: . install: . install: . install: . install: . install: . install: . install: . install: . install: . install: . install: . install: Scope: all 40 workspace projects
. install: . install: . install: . install: . install: . install: . install: . install: . install: . install: . install: . install: . install: . install: . install: . install: . install: . install: . install: . install: . install: . install: . install: . install: . install: . install: . install: . install: . install: . install: . install: . install: . install: . install: . install: . install: . install: . install: . install: . install: . install: . install: . install: . install: . install: . install: . install: . install: . install: . install: . install: . install: . install: . install: . install: . install: . install: . install: . install: . install: . install: . install: . install: . install: Lockfile is up to date, resolution step is skipped
. install: . install: . install: . install: . install: . install: . install: . install: . install: . install: . install: . install: . install: . install: . install: . install: . install: . install: . install: . install: . install: . install: . install: . install: . install: . install: . install: . install: . install: . install: . install: . install: . install: . install: . install: . install: . install: . install: . install: . install: . install: . install: . install: . install: . install: . install: . install: . install: . install: . install: . install: . install: . install: . install: . install: . install: . install: . install: . install: . install: . install: . install: . install: . install: . install$ pnpm install -r
. install: . install: . install: . install: . install: . install: . install: . install: . install: . install: . install: . install: . install: . install: . install: . install: . install: . install: . install: . install: . install: . install: . install: . install: . install: . install: . install: . install: . install: . install: . install: . install: . install: . install: . install: . install: . install: . install: . install: . install: . install: . install: . install: . install: . install: . install: . install: . install: . install: . install: . install: . install: . install: . install: . install: . install: . install: . install: . install: . install: . install: . install: . install: . install: . install: Scope: all 40 workspace projects
. install: . install: . install: . install: . install: . install: . install: . install: . install: . install: . install: . install: . install: . install: . install: . install: . install: . install: . install: . install: . install: . install: . install: . install: . install: . install: . install: . install: . install: . install: . install: . install: . install: . install: . install: . install: . install: . install: . install: . install: . install: . install: . install: . install: . install: . install: . install: . install: . install: . install: . install: . install: . install: . install: . install: . install: . install: . install: . install: . install: . install: . install: . install: . install: . install: Lockfile is up to date, resolution step is skipped
. install: . install: . install: . install: . install: . install: . install: . install: . install: . install: . install: . install: . install: . install: . install: . install: . install: . install: . install: . install: . install: . install: . install: . install: . install: . install: . install: . install: . install: . install: . install: . install: . install: . install: . install: . install: . install: . install: . install: . install: . install: . install: . install: . install: . install: . install: . install: . install: . install: . install: . install: . install: . install: . install: . install: . install: . install: . install: . install: . install: . install: . install: . install: . install: . install: . install$ pnpm install -r
. install: . install: . install: . install: . install: . install: . install: . install: . install: . install: . install: . install: . install: . install: . install: . install: . install: . install: . install: . install: . install: . install: . install: . install: . install: . install: . install: . install: . install: . install: . install: . install: . install: . install: . install: . install: . install: . install: . install: . install: . install: . install: . install: . install: . install: . install: . install: . install: . install: . install: . install: . install: . install: . install: . install: . install: . install: . install: . install: . install: . install: . install: . install: . install: . install: . install: Scope: all 40 workspace projects
. install: . install: . install: . install: . install: . install: . install: . install: . install: . install: . install: . install: . install: . install: . install: . install: . install: . install: . install: . install: . install: . install: . install: . install: . install: . install: . install: . install: . install: . install: . install: . install: . install: . install: . install: . install: . install: . install: . install: . install: . install: . install: . install: . install: . install: . install: . install: . install: . install: . install: . install: . install: . install: . install: . install: . install: . install: . install: . install: . install: . install: . install: . install: . install: . install: . install: Lockfile is up to date, resolution step is skipped
. install: . install: . install: . install: . install: . install: . install: . install: . install: . install: . install: . install: . install: . install: . install: . install: . install: . install: . install: . install: . install: . install: . install: . install: . install: . install: . install: . install: . install: . install: . install: . install: . install: . install: . install: . install: . install: . install: . install: . install: . install: . install: . install: . install: . install: . install: . install: . install: . install: . install: . install: . install: . install: . install: . install: . install: . install: . install: . install: . install: . install: . install: . install: . install: . install: . install: . install$ pnpm install -r
. install: . install: . install: . install: . install: . install: . install: . install: . install: . install: . install: . install: . install: . install: . install: . install: . install: . install: . install: . install: . install: . install: . install: . install: . install: . install: . install: . install: . install: . install: . install: . install: . install: . install: . install: . install: . install: . install: . install: . install: . install: . install: . install: . install: . install: . install: . install: . install: . install: . install: . install: . install: . install: . install: . install: . install: . install: . install: . install: . install: . install: . install: . install: . install: . install: . install: . install: Scope: all 40 workspace projects
. install: . install: . install: . install: . install: . install: . install: . install: . install: . install: . install: . install: . install: . install: . install: . install: . install: . install: . install: . install: . install: . install: . install: . install: . install: . install: . install: . install: . install: . install: . install: . install: . install: . install: . install: . install: . install: . install: . install: . install: . install: . install: . install: . install: . install: . install: . install: . install: . install: . install: . install: . install: . install: . install: . install: . install: . install: . install: . install: . install: . install: . install: . install: . install: . install: . install: . install: Lockfile is up to date, resolution step is skipped
. install: . install: . install: . install: . install: . install: . install: . install: . install: . install: . install: . install: . install: . install: . install: . install: . install: . install: . install: . install: . install: . install: . install: . install: . install: . install: . install: . install: . install: . install: . install: . install: . install: . install: . install: . install: . install: . install: . install: . install: . install: . install: . install: . install: . install: . install: . install: . install: . install: . install: . install: . install: . install: . install: . install: . install: . install: . install: . install: . install: . install: . install: . install: . install: . install: . install: . install: . install$ pnpm install -r
. install: . install: . install: . install: . install: . install: . install: . install: . install: . install: . install: . install: . install: . install: . install: . install: . install: . install: . install: . install: . install: . install: . install: . install: . install: . install: . install: . install: . install: . install: . install: . install: . install: . install: . install: . install: . install: . install: . install: . install: . install: . install: . install: . install: . install: . install: . install: . install: . install: . install: . install: . install: . install: . install: . install: . install: . install: . install: . install: . install: . install: . install: . install: . install: . install: . install: . install: . install: Scope: all 40 workspace projects
. install: . install: . install: . install: . install: . install: . install: . install: . install: . install: . install: . install: . install: . install: . install: . install: . install: . install: . install: . install: . install: . install: . install: . install: . install: . install: . install: . install: . install: . install: . install: . install: . install: . install: . install: . install: . install: . install: . install: . install: . install: . install: . install: . install: . install: . install: . install: . install: . install: . install: . install: . install: . install: . install: . install: . install: . install: . install: . install: . install: . install: . install: . install: . install: . install: . install: . install: . install: Lockfile is up to date, resolution step is skipped
. install: . install: . install: . install: . install: . install: . install: . install: . install: . install: . install: . install: . install: . install: . install: . install: . install: . install: . install: . install: . install: . install: . install: . install: . install: . install: . install: . install: . install: . install: . install: . install: . install: . install: . install: . install: . install: . install: . install: . install: . install: . install: . install: . install: . install: . install: . install: . install: . install: . install: . install: . install: . install: . install: . install: . install: . install: . install: . install: . install: . install: . install: . install: . install: . install: . install: . install: . install: . install$ pnpm install -r
. install: . install: . install: . install: . install: . install: . install: . install: . install: . install: . install: . install: . install: . install: . install: . install: . install: . install: . install: . install: . install: . install: . install: . install: . install: . install: . install: . install: . install: . install: . install: . install: . install: . install: . install: . install: . install: . install: . install: . install: . install: . install: . install: . install: . install: . install: . install: . install: . install: . install: . install: . install: . install: . install: . install: . install: . install: . install: . install: . install: . install: . install: . install: . install: . install: . install: . install: . install: . install: Scope: all 40 workspace projects
. install: . install: . install: . install: . install: . install: . install: . install: . install: . install: . install: . install: . install: . install: . install: . install: . install: . install: . install: . install: . install: . install: . install: . install: . install: . install: . install: . install: . install: . install: . install: . install: . install: . install: . install: . install: . install: . install: . install: . install: . install: . install: . install: . install: . install: . install: . install: . install: . install: . install: . install: . install: . install: . install: . install: . install: . install: . install: . install: . install: . install: . install: . install: . install: . install: . install: . install: . install: . install: Lockfile is up to date, resolution step is skipped
. install: . install: . install: . install: . install: . install: . install: . install: . install: . install: . install: . install: . install: . install: . install: . install: . install: . install: . install: . install: . install: . install: . install: . install: . install: . install: . install: . install: . install: . install: . install: . install: . install: . install: . install: . install: . install: . install: . install: . install: . install: . install: . install: . install: . install: . install: . install: . install: . install: . install: . install: . install: . install: . install: . install: . install: . install: . install: . install: . install: . install: . install: . install: . install: . install: . install: . install: . install: . install: . install$ pnpm install -r
. install: . install: . install: . install: . install: . install: . install: . install: . install: . install: . install: . install: . install: . install: . install: . install: . install: . install: . install: . install: . install: . install: . install: . install: . install: . install: . install: . install: . install: . install: . install: . install: . install: . install: . install: . install: . install: . install: . install: . install: . install: . install: . install: . install: . install: . install: . install: . install: . install: . install: . install: . install: . install: . install: . install: . install: . install: . install: . install: . install: . install: . install: . install: . install: . install: . install: . install: . install: . install: . install: Scope: all 40 workspace projects
. install: . install: . install: . install: . install: . install: . install: . install: . install: . install: . install: . install: . install: . install: . install: . install: . install: . install: . install: . install: . install: . install: . install: . install: . install: . install: . install: . install: . install: . install: . install: . install: . install: . install: . install: . install: . install: . install: . install: . install: . install: . install: . install: . install: . install: . install: . install: . install: . install: . install: . install: . install: . install: . install: . install: . install: . install: . install: . install: . install: . install: . install: . install: . install: . install: . install: . install: . install: . install: . install: Lockfile is up to date, resolution step is skipped
. install: . install: . install: . install: . install: . install: . install: . install: . install: . install: . install: . install: . install: . install: . install: . install: . install: . install: . install: . install: . install: . install: . install: . install: . install: . install: . install: . install: . install: . install: . install: . install: . install: . install: . install: . install: . install: . install: . install: . install: . install: . install: . install: . install: . install: . install: . install: . install: . install: . install: . install: . install: . install: . install: . install: . install: . install: . install: . install: . install: . install: . install: . install: . install: . install: . install: . install: . install: . install: . install: . install$ pnpm install -r
. install: . install: . install: . install: . install: . install: . install: . install: . install: . install: . install: . install: . install: . install: . install: . install: . install: . install: . install: . install: . install: . install: . install: . install: . install: . install: . install: . install: . install: . install: . install: . install: . install: . install: . install: . install: . install: . install: . install: . install: . install: . install: . install: . install: . install: . install: . install: . install: . install: . install: . install: . install: . install: . install: . install: . install: . install: . install: . install: . install: . install: . install: . install: . install: . install: . install: . install: . install: . install: . install: . install: Scope: all 40 workspace projects
. install: . install: . install: . install: . install: . install: . install: . install: . install: . install: . install: . install: . install: . install: . install: . install: . install: . install: . install: . install: . install: . install: . install: . install: . install: . install: . install: . install: . install: . install: . install: . install: . install: . install: . install: . install: . install: . install: . install: . install: . install: . install: . install: . install: . install: . install: . install: . install: . install: . install: . install: . install: . install: . install: . install: . install: . install: . install: . install: . install: . install: . install: . install: . install: . install: . install: . install: . install: . install: . install: . install: Lockfile is up to date, resolution step is skipped
. install: . install: . install: . install: . install: . install: . install: . install: . install: . install: . install: . install: . install: . install: . install: . install: . install: . install: . install: . install: . install: . install: . install: . install: . install: . install: . install: . install: . install: . install: . install: . install: . install: . install: . install: . install: . install: . install: . install: . install: . install: . install: . install: . install: . install: . install: . install: . install: . install: . install: . install: . install: . install: . install: . install: . install: . install: . install: . install: . install: . install: . install: . install: . install: . install: . install: . install: . install: . install: . install: . install: . install$ pnpm install -r
. install: . install: . install: . install: . install: . install: . install: . install: . install: . install: . install: . install: . install: . install: . install: . install: . install: . install: . install: . install: . install: . install: . install: . install: . install: . install: . install: . install: . install: . install: . install: . install: . install: . install: . install: . install: . install: . install: . install: . install: . install: . install: . install: . install: . install: . install: . install: . install: . install: . install: . install: . install: . install: . install: . install: . install: . install: . install: . install: . install: . install: . install: . install: . install: . install: . install: . install: . install: . install: . install: . install: . install: Scope: all 40 workspace projects
. install: . install: . install: . install: . install: . install: . install: . install: . install: . install: . install: . install: . install: . install: . install: . install: . install: . install: . install: . install: . install: . install: . install: . install: . install: . install: . install: . install: . install: . install: . install: . install: . install: . install: . install: . install: . install: . install: . install: . install: . install: . install: . install: . install: . install: . install: . install: . install: . install: . install: . install: . install: . install: . install: . install: . install: . install: . install: . install: . install: . install: . install: . install: . install: . install: . install: . install: . install: . install: . install: . install: . install: Lockfile is up to date, resolution step is skipped
. install: . install: . install: . install: . install: . install: . install: . install: . install: . install: . install: . install: . install: . install: . install: . install: . install: . install: . install: . install: . install: . install: . install: . install: . install: . install: . install: . install: . install: . install: . install: . install: . install: . install: . install: . install: . install: . install: . install: . install: . install: . install: . install: . install: . install: . install: . install: . install: . install: . install: . install: . install: . install: . install: . install: . install: . install: . install: . install: . install: . install: . install: . install: . install: . install: . install: . install: . install: . install: . install: . install: . install: . install$ pnpm install -r
